[1/1707] 01-Visual-Language.jpg 128x128
[10/1707] 01-visual-language-04-illustrations-02-function-doctor-consultation-3x-removebg-preview.jpg 500x500
[11/1707] 01-visual-language-04-illustrations-02-function-doctor-consultation@2x.jpg 256x256
[20/1707] 01-visual-language-04-illustrations-05-rewards-income-protection_3x.jpg 432x432
[24/1707] 01-visual-language-04-illustrations-07-status-success-2@3x.jpg 432x432
[26/1707] 1-LiveBetterAIA-Monopoly-EN-Box.jpg 760x506
[27/1707] 1-mind-training-sessions.jpg 400x800
[28/1707] 10-Financial-To-Dos-Before-Welcoming-Your-Baby.jpg 712x475
[29/1707] 100percent-lump-sum-payout.jpg 144x144
[30/1707] 100percent-lump-sum-payout-1.jpg 288x288
[32/1707] 1174-AIA-Q2-TravelCover-2023-WebsiteTable_09May_1920x600.jpg 1920x600
[33/1707] 122-Correction.jpg 336x345
[34/1707] 1@3x_1.jpg 480x960
[35/1707] 2-LiveBetterAIA-Monopoly-EN-Box-Rear.jpg 760x506
[36/1707] 2-children-gardening.jpg 800x533
[37/1707] 2-dass-21-questionnaire.jpg 400x800
[39/1707] 20-year-cancer-coverage-1.jpg 288x288
[40/1707] 2023-enhancements-giving-you-more.jpg 2676x2574
[41/1707] 25pct-free-coverage.jpg 288x288
[42/1707] 2@3x_1.jpg 480x960
[44/1707] 3-LiveBetterAIA-Monopoly-EN-Master.jpg 760x506
[45/1707] 3-enhanced-daily-mood-tracker.jpg 400x800
[46/1707] 3-favourite-singaporean-travel-destination.jpg 712x474
[47/1707] 3-tips-to-help-you-enter-the-workforce-min.jpg 807x538
[48/1707] 3@3x_1.jpg 480x960
[49/1707] 4-LiveBetterAIA-Monopoly-EN-Cards1-new.jpg 1140x760
[50/1707] 4-book-a-text-chat-session-with-a-psychologist.jpg 400x800
[51/1707] 4-family-friendly-exercises.jpg 712x474
[52/1707] 4-family-friendly-exercises-downsized-card-image.jpg 487x354
[54/1707] 4-healthy-living-tips-people-with-busy-lifestyle.jpg 800x533
[55/1707] 4-important-financial-decisions-in-your-30s.jpg 1200x800
[56/1707] 4-important-financial-decisions-to-make-in-your-40s.jpg 1200x800
[57/1707] 4-reasons-to-meet-your-financial-advisor-for-an-annual-insurance-review.jpg 800x533
[58/1707] 4-things-about-the-changes-to-critical-illness-definitions-in-Singapore.jpg 800x533
[59/1707] 4-ways-to-keep-the-spark-alive-in-your-relationship.jpg 712x475
[60/1707] 4@3x_1.jpg 480x960
[61/1707] 4@3x_2.jpg 480x960
[65/1707] 5-Insta-Worthy-places-in-Singapore.jpg 800x533
[66/1707] 5-LiveBetterAIA-Monopoly-EN-Cards2-new.jpg 1140x760
[68/1707] 5-Questions-You-Should-Ask-Your-Financial-Advisor-During-Your-Annual-Review-Meeting-1.jpg 712x1329
[69/1707] 5-Questions-You-Should-Ask-Your-Financial-Advisor-During-Your-Annual-Review-Meeting-1-1.jpg 712x1329
[70/1707] 5-Questions-You-Should-Ask-Your-Financial-Advisor-During-Your-Annual-Review-Meeting-2.jpg 712x342
[71/1707] 5-Questions-You-Should-Ask-Your-Financial-Advisor-During-Your-Annual-Review-Meeting-3.jpg 712x421
[72/1707] 5-Questions-You-Should-Ask-Your-Financial-Advisor-During-Your-Annual-Review-Meeting-3-1.jpg 712x421
[73/1707] 5-Questions-You-Should-Ask-Your-Financial-Advisor-During-Your-Annual-Review-Meeting-crop.jpg 487x304
[74/1707] 5-common-retirement-worries.jpg 800x533
[75/1707] 5-employees-benefits-valued-in-working-world.jpg 883x597
[76/1707] 5-employees-benefits-valued-in-working-world-1.jpg 883x597
[77/1707] 5-guided-journalling.jpg 400x800
[78/1707] 5-healthy-snacking-habits-you-should-cultivate-in-the-office.jpg 712x475
[79/1707] 5-instagram-worthy-cafes-in-singapore-aia-healthier-better-longer-life-min.jpg 774x516
[80/1707] 5-questions-to-ask-yourself-before-investing.jpg 429x286
[81/1707] 5-simple-tricks-to-get-rid-of-bad-eating-habit.jpg 1200x800
[82/1707] 5-things-every-national-serviceman-needs-to-do-to-prepare-for-life-after-ORD.jpg 712x972
[83/1707] 5-things-every-national-serviceman-needs-to-do-to-prepare-for-life-after-ORD-crop.jpg 319x212
[84/1707] 5-things-every-national-serviceman-needs-to-do-to-prepare-life-after-ord-info.jpg 712x474
[85/1707] 5-things-to-start-planning-for-with-your-first-salary-infographic.jpg 712x474
[86/1707] 5-things-to-start-planning-for-with-your-first-salary-thumbnail.jpg 480x321
[87/1707] 5-things-you-should-add-to-your-bucket-list.jpg 800x534
[88/1707] 5-tips-for-happy-and-active-retirement-card-new-thumbnail.jpg 997x665
[89/1707] 5-tips-for-happy-and-active-retirement-card-thumbnail.jpg 997x665
[90/1707] 5-ways-helping-your-children-upkeep-a-healthy-mind-and-body.jpg 826x549
[91/1707] 5-ways-helping-your-children-upkeep-a-healthy-mind-and-body-card.jpg 826x549
[92/1707] 5-ways-to-bring-out-the-urban-warrior-in-you.jpg 800x533
[93/1707] 5-ways-to-trick-yourself-into-saving-more-money.jpg 797x600
[94/1707] 5-ways-you-can-destress-after-a-hectic-remote-workday.jpg 543x362
[95/1707] 5-ways-you-can-destress-after-a-hectic-remote-workday-1.jpg 543x362
[96/1707] 5-you-tube-workouts-you-can-do-in-the-comfort-of-your-home-healthy-living.jpg 720x481
[97/1707] 5@3x_1.jpg 480x960
[98/1707] 6-LiveBetterAIA-Monopoly-EN-Money.jpg 760x506
[100/1707] 6-curated-library-content.jpg 400x800
[101/1707] 6@3x_1.jpg 480x960
[102/1707] 7-minute.jpg 378x382
[103/1707] 7@3x_1.jpg 480x960
[104/1707] 8-tips-for-backpackers.jpg 446x1168
[105/1707] 8@3x_1.jpg 480x960
[107/1707] AIA_Banner-3.jpg 2880x1200
[108/1707] AIA-Better-Lives-Fund.jpg 644x478
[110/1707] AIA-Live-2021-Game-On-With-Spurs.jpg 1280x480
[111/1707] AIA-Sustainable-Multi-Thematic-Fund.jpg 1009x485
[112/1707] AIA-enhanced-cancer-protect-kv.jpg 2880x1200
[113/1707] AIAGettyImages.jpg 1200x799
[115/1707] AIALogo.jpg 198x198
[116/1707] AIA_Careers_PageBanner_Large.jpg 1200x720
[117/1707] AIA_GettyImages-1203924357_Extra-small.jpg 400x400
[118/1707] AIplusA-accelerate-earnings.jpg 760x428
[119/1707] AIplusA-bear-bull-markets.jpg 760x428
[120/1707] AIplusA-hero-banner-eggs-in-many-baskets.jpg 2880x1200
[121/1707] AIplusA-income-stream.jpg 760x428
[122/1707] AIplusA-nest-eggs.jpg 760x428
[123/1707] Abbott_web.jpg 300x300
[124/1707] About-AIA-Vitality-04-CorporateWellness-Tile-New.jpg 2048x1366
[125/1707] About-AIA-Vitality-How-It-Works-01-Know-Your-Health_cropped.jpg 2880x1200
[126/1707] About-AIA-Vitality-How-It-Works-02-Improve-Your-Health_cropped.jpg 2880x1200
[127/1707] About-AIA-Vitality-How-It-Works-03-Get-Rewarded_cropped.jpg 2880x1200
[128/1707] Access-single-fund.jpg 288x288
[129/1707] Accident.jpg 144x144
[130/1707] Accident_1.jpg 546x546
[131/1707] Accident-5.jpg 546x546
[132/1707] Allen_Carr.jpg 360x240
[133/1707] Andrea-Maier.jpg 172x172
[134/1707] Axel-Baur.jpg 172x172
[136/1707] Building_An_Emergency_Fund_infographic_.jpg 800x533
[137/1707] Bulb.jpg 32x32
[140/1707] CTA_illustration.jpg 257x257
[141/1707] Chan-Wai-Kit.jpg 172x172
[144/1707] Cheque_White.jpg 32x32
[145/1707] Chia-Kee-Seng.jpg 172x172
[146/1707] CocoVeda_rewards.jpg 300x300
[147/1707] Coco_veda_web.jpg 300x300
[148/1707] Compare@1x_1.jpg 576x576
[150/1707] Compare@1x_1_2_.jpg 576x576
[151/1707] Consult_Doctor@1x_1.jpg 546x546
[152/1707] Consult_Doctor@1x_11.jpg 546x546
[153/1707] ContactNumber.jpg 512x512
[156/1707] Diana-Ser.jpg 172x172
[157/1707] EDSjogging.jpg 720x480
[158/1707] EDSjogging-1.jpg 720x480
[159/1707] EDSstudy.jpg 1128x752
[160/1707] EDSstudy-1.jpg 1128x752
[161/1707] ELEMENTS_rewards.jpg 300x300
[162/1707] ELEMENTS_web.jpg 300x300
[163/1707] EMMA-treatment-3.jpg 600x600
[166/1707] Elite_Funds_Banner.jpg 1280x385
[168/1707] Equinox.jpg 300x300
[169/1707] Experiencing_Life_6_resolutions_to_ensure_your_work-life_balance_in_2017.jpg 712x475
[170/1707] Experiencing-Life_3-favourite-travel-destinations-among-Singaporeans-in-2017.jpg 712x475
[171/1707] Experiencing-Life_3-favourite-travel-destinations-among-Singaporeans-in-2017-1.jpg 712x475
[172/1707] FITMONKIE_rewards.jpg 300x300
[173/1707] FITMONKIE_web.jpg 300x300
[175/1707] Family_of_3@2x_1_2_.jpg 384x384
[180/1707] Goal_1@1x_1.jpg 576x576
[184/1707] Group_12487.jpg 516x288
[185/1707] Group_12489.jpg 516x288
[186/1707] Group_12490.jpg 516x288
[190/1707] Guardian_web.jpg 300x300
[192/1707] HMI_OneCareClinic_Horizontal_CMYK.jpg 300x300
[193/1707] HMI_OneCare_PB_Web.jpg 360x240
[194/1707] HYROX-group-photo.jpg 2880x1200
[195/1707] Health.jpg 144x144
[196/1707] Health-8.jpg 64x64
[197/1707] Health1.jpg 72x72
[198/1707] HealthScreenVoucher.jpg 889x1817
[199/1707] HealthyFood_image_01.jpg 1875x2500
[200/1707] HealthyFood_image_02.jpg 1875x2500
[204/1707] IJOOZ_rewards.jpg 301x301
[205/1707] IconScreeningClinic-17-920x570.jpg 920x570
[206/1707] IconScreeningClinic-17-920x570-1.jpg 920x570
[207/1707] Intergrated3.jpg 889x586
[208/1707] Investment_Coverage_1.jpg 576x576
[209/1707] Irma-Hadikusuma.jpg 172x172
[210/1707] Janice-Chia.jpg 172x172
[211/1707] Jeremy-Ting.jpg 172x172
[212/1707] Joanna-Liew.jpg 172x172
[213/1707] Jörn-Watzke.jpg 172x172
[214/1707] KV1.jpg 2880x1200
[215/1707] KV1_new.jpg 2880x1200
[217/1707] KV2-1.jpg 2880x1200
[219/1707] KV3-1.jpg 2880x1200
[221/1707] KV4-1.jpg 2880x1200
[222/1707] KV_Tamarind-Banner_02_01.jpg 2880x1200
[223/1707] Kelvin-Loh.jpg 172x172
[224/1707] KrisFlyer_2x.jpg 300x300
[225/1707] Lai-Wei-Lin.jpg 172x172
[226/1707] Life_1.jpg 192x192
[227/1707] Living-Healthily_4-pocket-friendly-ways-to-stay-healthy.jpg 1000x665
[228/1707] Living-Healthily_4-pocket-friendly-ways-to-stay-healthy_2.jpg 1000x455
[229/1707] Living-Healthily_5-simple-tricks-to-get-rid-of-bad-eating-habits.jpg 487x325
[230/1707] Living-Healthily_Living-with-diabetes-What-you-dont-know-and-how-to-manage-them.jpg 429x286
[231/1707] Living-on-minimum-income-standard.jpg 400x281
[232/1707] Luca-Pontiggia.jpg 172x172
[233/1707] Lydia-Loh.jpg 172x172
[234/1707] Man-with-headache-in-bed.jpg 2121x1414
[235/1707] Melvin-Heng.jpg 172x172
[236/1707] Ming-Hung-Cheng.jpg 172x172
[238/1707] Multithematic-banner-image.jpg 1440x600
[239/1707] NIKE-training.jpg 370x372
[240/1707] New-norms-in-the-working-world.jpg 800x533
[241/1707] New-norms-in-the-working-world-1.jpg 800x533
[242/1707] NovaHealth_rewards.jpg 300x300
[243/1707] NovaHealth_web.jpg 300x300
[245/1707] OmollomoSqaure_rewards-1.jpg 300x300
[246/1707] OneMillionTrees.jpg 556x413
[247/1707] Our-Members-01-Main-Banner-01-KV5_members_stories.jpg 2880x1200
[248/1707] Our-Members-06-More-Vitality-Moments-01-Sweat-Sessions.jpg 1740x1305
[249/1707] Our-Members-06-More-Vitality-Moments-02-iDiscover.jpg 2220x1480
[250/1707] PCMCustomercase.jpg 1128x752
[251/1707] PCMCustomercase-1.jpg 1128x752
[252/1707] Parental1.jpg 888x632
[254/1707] Personal4.jpg 891x624
[255/1707] Personalised_Goals_appScreenShot.jpg 1874x1431
[256/1707] Personalized_Goals.jpg 900x505
[257/1707] PointsEarned.jpg 144x144
[258/1707] ProfChee_Thumb.jpg 272x181
[260/1707] Question_White.jpg 32x32
[261/1707] Questions@1x_1.jpg 576x576
[262/1707] REVA_rewards.jpg 300x300
[263/1707] REVA_web.jpg 300x300
[264/1707] Retirement_1.jpg 1080x1080
[265/1707] Review5.jpg 887x712
[267/1707] SG60_icon1.jpg 2185x2743
[270/1707] SOMNUS.jpg 360x240
[271/1707] SaladStop__rewards.jpg 300x300
[273/1707] Singapore2.jpg 887x648
[275/1707] Stuart_banner.jpg 1500x999
[276/1707] Stuart_banner-1.jpg 600x400
[277/1707] Sueziani-Binte-Zainudin.jpg 172x172
[278/1707] SundayShades_rewards.jpg 300x300
[279/1707] Sunday_Shades_web.jpg 300x300
[280/1707] T2.jpg 576x576
[283/1707] Tiffanie-Ong.jpg 172x172
[284/1707] UOB.jpg 687x115
[285/1707] Vector.jpg 14x14
[286/1707] Vitality_icon_red-2.jpg 210x157
[287/1707] Viva.jpg 296x196
[291/1707] WhiteCoat.jpg 360x240
[292/1707] Woman-consulting-doctor.jpg 1984x1322
[293/1707] Woman-discussing-medical-report.jpg 2120x1414
[294/1707] Woman-getting-blood_pressure-test.jpg 1444x963
[296/1707] Wong-Sze-Keed.jpg 172x172
[297/1707] Zhang-Yu.jpg 172x172
[299/1707] about-aia.jpg 900x600
[300/1707] accelerated-growth-day-one.jpg 288x288
[301/1707] accepted-green.jpg 112x112
[303/1707] accident-protection-icon.jpg 64x64
[304/1707] aces2022.jpg 1281x961
[305/1707] achievable-consistent-investing.jpg 288x288
[306/1707] active-ownership-and-engagement.jpg 239x168
[307/1707] add-on-benefit.jpg 288x288
[308/1707] add-on-benefits.jpg 288x288
[309/1707] adidas_rewards.jpg 300x300
[310/1707] adult-and-kid-hands-holding-a-yarn-red-heart.jpg 2880x1200
[312/1707] advanced-medical-directive.jpg 800x534
[315/1707] affordable-fixed-premiums-1.jpg 288x288
[316/1707] age54-chart.jpg 797x475
[317/1707] age54-chart-1.jpg 797x475
[318/1707] age55-chart.jpg 797x475
[319/1707] age55-chart-1.jpg 797x475
[321/1707] aia-4-easy-gym-workouts-you-can-do-as-a-beginner.jpg 1024x684
[322/1707] aia-4-family-friendly-exercises-to-improve-your-health-and-relationships.jpg 1000x714
[323/1707] aia-4-important-financial-decisions-to-make-in-20s.jpg 750x500
[325/1707] aia-5-effective-ways-to-control-your-blood-pressure.jpg 1200x801
[326/1707] aia-5-health-benefits-of-simply-having-a-good-night-rest.jpg 1200x605
[327/1707] aia-5-health-benefits-of-simply-having-a-good-night-rest-card.jpg 1800x1202
[328/1707] aia-5-ways-to-experience-the-crazy-rich-asian-lifestyle.jpg 750x499
[329/1707] aia-6-ways-to-encourage-your-kids-to-be-independent-learners.jpg 1196x798
[330/1707] aia-absolute-critical-cover-kv.jpg 1440x600
[332/1707] aia-altitude-health.jpg 760x428
[333/1707] aia-altitude-lifestyle.jpg 760x428
[334/1707] aia-altitude-lounge.jpg 1600x1200
[337/1707] aia-altitude-wealth.jpg 760x428
[338/1707] aia-apple-watch-booster-challenge-kv.jpg 2880x1200
[339/1707] aia-around-the-world-plus-ii-kv.jpg 2880x1200
[341/1707] aia-better-lives-fund-_600x362.jpg 600x362
[343/1707] aia-better-lives-fund-banner-test-4.jpg 2880x1200
[344/1707] aia-better-lives-fund-dejan-eric-harry-moura.jpg 1294x626
[345/1707] aia-beyond-critical-care-bridging-your-critical-illness-protection-gap.jpg 640x426
[346/1707] aia-beyond-critical-care-kv.jpg 2880x1200
[347/1707] aia-charity-golf-17.jpg 1200x600
[348/1707] aia-charity-golf-2.jpg 600x362
[349/1707] aia-charity-golf-2017.jpg 1038x691
[350/1707] aia-charity-golf-2018.jpg 1104x724
[351/1707] aia-charity-golf-2018-hero-banner.jpg 1440x810
[352/1707] aia-charity-golf-2019-hero-banner.jpg 2880x1200
[353/1707] aia-charity-golf-2020.jpg 644x430
[354/1707] aia-charity-golf-cheque-presentation.jpg 1104x734
[355/1707] aia-charity-golf-landing-2020.jpg 1600x1079
[356/1707] aia-charity-golf-pic.jpg 1200x800
[357/1707] aia-chess-press-machine-workout.jpg 940x627
[358/1707] aia-christmas-merrython-activities.jpg 696x456
[359/1707] aia-christmas-merrython-banner.jpg 2880x1200
[360/1707] aia-christmas-merrython-fund-raising.jpg 760x506
[361/1707] aia-climate-transition-plan.jpg 875x500
[362/1707] aia-cn-0038-4-simple-lifestyle-tweaks-you-can-make-for-a-fitter-healthier-you.jpg 1000x666
[363/1707] aia-consultant-career-schemes.jpg 760x428
[364/1707] aia-diabetes-care-kv.jpg 2880x1200
[365/1707] aia-direct-term-cover-kv.jpg 2880x1200
[366/1707] aia-direct-whole-life-cover-ii-kv.jpg 2880x1200
[367/1707] aia-dumbbell-training.jpg 1378x919
[368/1707] aia-elite-funds.jpg 288x288
[369/1707] aia-elite-funds-1.jpg 760x428
[370/1707] aia-elite-funds-global-expertise.jpg 1140x642
[371/1707] aia-elite-funds-long-term.jpg 1140x642
[372/1707] aia-elite-funds-stewardship.jpg 1140x642
[373/1707] aia-elite-homecare-kv.jpg 2880x1200
[374/1707] aia-elite-secure-income-kv.jpg 2880x1200
[376/1707] aia-family360-campaign-banner.jpg 2880x1200
[377/1707] aia-fas-infographics-thumbnail.jpg 1172x1053
[378/1707] aia-fire-movement-explained-about-latest-retirement-trend.jpg 1200x800
[379/1707] aia-foreign-worker-protector-plus.jpg 2880x1200
[380/1707] aia-genfit-pa-banner.jpg 2880x1200
[381/1707] aia-getting-active-through-sports.jpg 704x469
[383/1707] aia-glow-of-life-kv.jpg 2880x1200
[384/1707] aia-guide-to-stress-management-thumbnail-image.jpg 1024x684
[385/1707] aia-guraranteed-protect-plus-iv-kv.jpg 2880x1200
[386/1707] aia-healthshield-gold-max.jpg 49x49
[387/1707] aia-healthshield-gold-webpage-banner.jpg 2880x1200
[388/1707] aia-holistic-wellness-index.jpg 760x506
[389/1707] aia-hospital-income-kv.jpg 2880x1200
[390/1707] aia-hyrox-2026-crowd-cheering.jpg 360x240
[391/1707] aia-hyrox-2026-pitstop.jpg 360x240
[392/1707] aia-hyrox-2026-team-relay-champions.jpg 360x240
[394/1707] aia-immersion-programme.jpg 2880x1200
[395/1707] aia-increasing-productivity-and-reducing-absenteeism.jpg 712x476
[396/1707] aia-insurance-singapore-young-adults-to-narrow-their-protection-gap.jpg 974x650
[397/1707] aia-invest-easy-kv.jpg 2880x1200
[398/1707] aia-life-dividends-kv.jpg 2880x1200
[399/1707] aia-life-matters-relationship-tips-for-a-healthy-family.jpg 712x810
[400/1707] aia-life-matters-types-of-health-screenings-in-singapore.jpg 712x475
[401/1707] aia-live-better-study-2023.jpg 368x240
[402/1707] aia-live-better-study-2024.jpg 760x506
[403/1707] aia-live-better-study-2025.jpg 760x506
[404/1707] aia-live-better-study-kv.jpg 2880x1200
[405/1707] aia-logo.jpg 294x108
[406/1707] aia-maturity-campaign.jpg 2880x1200
[407/1707] aia-monopoly-alexandra.jpg 586x1027
[408/1707] aia-monopoly-gcl.jpg 586x1032
[409/1707] aia-monopoly-ha.jpg 586x1032
[410/1707] aia-monopoly-np.jpg 586x1030
[411/1707] aia-monopoly-pp.jpg 586x1032
[412/1707] aia-monopoly-rf.jpg 586x1030
[413/1707] aia-monopoly-sh.jpg 590x1032
[414/1707] aia-monopoly-tampines.jpg 586x1027
[415/1707] aia-monopoly-towers.jpg 590x1027
[416/1707] aia-monopoly-wealth-centre.jpg 586x1027
[417/1707] aia-mortgage-reducing-term-assurance-kv.jpg 2880x1200
[418/1707] aia-mum2baby-choices-kv.jpg 2880x1200
[420/1707] aia-pay-protector-kv.jpg 2880x1200
[422/1707] aia-plan360-c1-1.jpg 1200x800
[424/1707] aia-plan360-c2-1.jpg 1200x800
[426/1707] aia-plan360-c3-1.jpg 1200x800
[428/1707] aia-plan360-c4-1.jpg 1200x800
[429/1707] aia-plan360-header-banner.jpg 2880x1200
[430/1707] aia-platinum-accidentcare-kv.jpg 2880x1200
[431/1707] aia-platinum-generations-ii-kv.jpg 2880x1200
[432/1707] aia-platinum-gift-for-life-series-kv.jpg 2880x1200
[433/1707] aia-platinum-heritage-wealth-ii-kv.jpg 2880x1200
[434/1707] aia-platinum-indexed-legacy-kv.jpg 2880x1200
[435/1707] aia-platinum-infinite-wealth-kv.jpg 2880x1200
[436/1707] aia-platinum-international-health-kv.jpg 2880x1200
[437/1707] aia-platinum-legacy-ix-kv.jpg 2880x1200
[438/1707] aia-platinum-retirement-elite-kv.jpg 2880x1200
[439/1707] aia-platinum-series.jpg 760x428
[440/1707] aia-platinum-wealth-elite-kv.jpg 2880x1200
[441/1707] aia-platinum-wealth-legacy-kv.jpg 2880x1220
[442/1707] aia-platinum-wealth-venture-article-lead-image.jpg 1500x1125
[443/1707] aia-platinum-wealth-venture-kv.jpg 2880x1200
[444/1707] aia-premier-disability-cover-kv.jpg 2880x1200
[445/1707] aia-premier-international-medical.jpg 760x428
[446/1707] aia-prime-assured-kv.jpg 2880x1200
[447/1707] aia-prime-critical-cover-kv.jpg 2880x1200
[448/1707] aia-pro-achiever-iii-kv.jpg 2880x1200
[449/1707] aia-pro-lifetime-protector-ii-kv.jpg 2880x1200
[450/1707] aia-protect-3.jpg 2880x1200
[451/1707] aia-quality-healthcare-partners.jpg 1286x553
[452/1707] aia-quality-healthcare-partners-1.jpg 760x428
[453/1707] aia-retirement-2021-infographics.jpg 360x240
[454/1707] aia-retirement-saver-iv-kv.jpg 2880x1220
[455/1707] aia-secure-flexi-term-kv.jpg 2880x1200
[457/1707] aia-sg-0048-3-myths-about-life-insurance-debunked-min.jpg 1000x667
[458/1707] aia-sg-corporate-factsheet-image.jpg 1419x1003
[459/1707] aia-singapore-3-ways-to-save-for-your-child.jpg 1000x593
[460/1707] aia-singapore-5-easy-ways-to-build-your-retirement.jpg 1113x742
[462/1707] aia-singapore-future-proofing-yourself-5-jobs-that-will-not-be-around-in-the-next-decade.jpg 1412x900
[463/1707] aia-singapore-mount-alvernia-mou-signing.jpg 734x685
[464/1707] aia-singapore-partnering-with-raffles-hospital.jpg 1275x1650
[466/1707] aia-singapore-partners-with-nhg-health.jpg 1416x944
[467/1707] aia-smart-flexi-growth-kv.jpg 2880x1200
[468/1707] aia-smart-flexi-rewards-ii-kv.jpg 2880x1200
[469/1707] aia-smart-wealth-builder-series-kv.jpg 2880x1200
[470/1707] aia-smu-mou-signing-june-acturial-science.jpg 1200x630
[471/1707] aia-solitaire-pa-ii-kv.jpg 2880x1200
[472/1707] aia-spurs-elite-football-camp.jpg 1527x1018
[473/1707] aia-star-protector-plus-kv.jpg 2880x1200
[474/1707] aia-sustainability-report-2025.jpg 1100x619
[475/1707] aia-tapir-banner-kv.jpg 1200x800
[476/1707] aia-tapir-plush-charm.jpg 760x506
[477/1707] aia-tapir-plush-charms.jpg 760x506
[478/1707] aia-the-rule-of-72-how-long-need-double-investments.jpg 1200x800
[479/1707] aia-tottenham-champions.jpg 1527x1018
[480/1707] aia-ultimate-fitness-fest-banner.jpg 2880x1200
[481/1707] aia-vitality.jpg 1280x546
[482/1707] aia-vitality-better-health-rock-climbing.jpg 2880x1200
[484/1707] aia-vitality-get-active-card.jpg 506x338
[485/1707] aia-wealth-venture.jpg 2880x1200
[486/1707] aia-what-is-advance-medical-directive.jpg 750x500
[487/1707] aia-young-working-adults-guide-to-healthcare-insurance-in-singapore.jpg 1024x684
[488/1707] aiahealth360-banner.jpg 2880x1200
[489/1707] aiahealth360-be-well-card.jpg 760x428
[490/1707] aiahealth360-live-well-card.jpg 760x428
[491/1707] aiahealth360_plan_well_card.jpg 760x428
[492/1707] aiahealth360_protect_well_card.jpg 760x428
[493/1707] aiaoneb1.jpg 700x400
[494/1707] aiaoneb2.jpg 700x400
[495/1707] aiaoneb3.jpg 700x400
[496/1707] aiaonebillion-environmentalhealth.jpg 800x525
[497/1707] aiaonebillion-financialinclusion.jpg 800x525
[498/1707] aiaonebillion-mentalhealth.jpg 800x525
[499/1707] aiaonebillion-physicalhealth.jpg 800x525
[500/1707] aiaplus-sg-icon.jpg 1024x1024
[501/1707] aiaplus-sg-kv.jpg 2880x1200
[502/1707] aiasg-afees-ashroff.jpg 172x172
[503/1707] aiasg-alvin-fu.jpg 172x172
[504/1707] aiasg-irma-hadikusuma.jpg 172x172
[505/1707] aiasg-kelvin-kua.jpg 172x172
[506/1707] aiasg-kenneth-tan.jpg 172x172
[507/1707] aiasg-khoo-kay-hwee.jpg 172x172
[508/1707] aiasg-koo-chung-chang.jpg 172x172
[509/1707] aiasg-liu-chunyen.jpg 172x172
[511/1707] aiasg-owen-addison-1.jpg 172x172
[512/1707] aiasg-penny-koo.jpg 172x172
[513/1707] aiasg-tan-kian-loy.jpg 172x172
[514/1707] aiasg-wong-sze-keed.jpg 172x172
[516/1707] aiavitality_banner_member_stories_01.jpg 2456x1024
[517/1707] aiia-2021.jpg 1281x961
[518/1707] aiia-healthins2024.jpg 1280x960
[519/1707] aiia2019.jpg 1281x961
[520/1707] alb-sea-law-awards-2024.jpg 1280x960
[521/1707] altitude-ecard.jpg 386x137
[522/1707] andar_web.jpg 675x675
[523/1707] andrea-maier-test.jpg 172x172
[524/1707] anthony.jpg 500x500
[525/1707] anthony-feliza-writeup-photo.jpg 760x428
[526/1707] aob-KooChungChang-story_Small.jpg 875x500
[527/1707] aob-card.jpg 1200x900
[528/1707] apart.jpg 883x115
[529/1707] apcsc2019.jpg 1281x961
[531/1707] apple-watch-banner-promo.jpg 684x386
[532/1707] apple_watch_booster.jpg 1199x734
[534/1707] arnil-duyaguit.jpg 760x428
[535/1707] asiaadvisorsnetwork.jpg 1280x960
[536/1707] asiaadvisorsnetwork-2024.jpg 1280x960
[537/1707] asian-chinese-female-nurse-helping-senior-woman.jpg 760x506
[538/1707] asian-couple-in-living-room.jpg 1920x1080
[539/1707] asian-experience-awards-2021.jpg 1281x961
[540/1707] asian-man-looking-at-smartphone.jpg 724x482
[541/1707] asianinvestor2024.jpg 645x360
[542/1707] asianparent-awards-2024-parents-choice.jpg 1280x960
[543/1707] asianprivatebanker2025.jpg 645x360
[545/1707] asra-bronze-2025-1.jpg 1280x960
[546/1707] assessing-a-job-offer-what-you-need-to-look-out-for-beyond-your-salary.jpg 800x533
[547/1707] assortment-of-whole-foods.jpg 1272x849
[548/1707] assurance.jpg 288x288
[549/1707] assurance-save.jpg 288x288
[550/1707] atlaa.jpg 1280x960
[552/1707] atlaa2023-1.jpg 800x800
[553/1707] august-2026.jpg 480x480
[554/1707] award_@3x.jpg 192x192
[555/1707] axel-baur-test.jpg 172x172
[556/1707] baby-bonus-and-insurance-3-Asian-women-and-a-baby.jpg 800x533
[558/1707] baby-powder.jpg 624x441
[560/1707] background_Large_1_.jpg 1200x720
[561/1707] banana-avocado-ice-cream.jpg 1200x675
[562/1707] banana-berry-peanut-butter-toast.jpg 1200x675
[563/1707] banner_our_expertise.jpg 1280x385
[564/1707] banner_our_partners.jpg 1280x385
[566/1707] bca-green-mark-aia.jpg 1280x960
[567/1707] bedtime-habits-for-better-sleep-updated.jpg 1000x667
[568/1707] bedtime-habits-for-better-sleep-updated-09122019.jpg 800x533
[569/1707] believe-in-better-card.jpg 1032x600
[570/1707] ben-ng.jpg 168x169
[571/1707] best-companies-to-work-for-2025.jpg 1280x960
[572/1707] best-pr-led-integrated-communications-bronze.jpg 1280x960
[573/1707] better-relationships.jpg 1288x956
[574/1707] better-starts.jpg 1288x956
[575/1707] better-together.jpg 1288x956
[576/1707] better-tomorrow.jpg 1288x956
[577/1707] better-way.jpg 1288x956
[578/1707] bg-city-long.jpg 1440x257
[579/1707] blood-pressure.jpg 128x128
[580/1707] blue-legend.jpg 600x145
[581/1707] blue-legend-1.jpg 1000x242
[582/1707] bonus-elevate-wealth.jpg 288x288
[583/1707] booster_challenge_tile.jpg 1199x734
[584/1707] bowl-edamame.jpg 1200x675
[585/1707] bowl-nuts.jpg 1200x675
[586/1707] bowl-popcorn.jpg 1200x675
[587/1707] boy-writing-on-board-helping-your-kids-manage-stress.jpg 800x600
[588/1707] brain-blue-screen.jpg 1920x1080
[589/1707] brand-purpose-spurs.jpg 3000x2091
[590/1707] brand-purpose-spurs-1.jpg 480x335
[591/1707] breast-cancer-surgery-current-practices-and-future-trends.jpg 800x533
[592/1707] bronze-vitality.jpg 189x189
[593/1707] browser-address-red-arrow.jpg 636x110
[594/1707] bryan-goh-Personal-Trainer-Fitness-First-AIA-Vitality.jpg 1024x684
[595/1707] bryan-goh-cycling-knee-surgery-recovery.jpg 1024x684
[596/1707] bryan-goh-knee-cancer-surgery-recovery.jpg 456x688
[597/1707] bryan-goh-personal-trainer-fitness-class.jpg 1024x684
[598/1707] bryan-goh-trainers-fitness-first.jpg 570x860
[599/1707] build-and-maintain-an-emergency-fund.jpg 462x412
[600/1707] bukit-batok-town-park.jpg 720x481
[601/1707] business-continuity.jpg 288x288
[603/1707] business-review-technology-excellence-awards-2019.jpg 1281x961
[604/1707] business-review-technology-excellence-awards-2020.jpg 1281x961
[605/1707] business-review-technology-excellence-awards-2021.jpg 1281x961
[606/1707] business-review-technology-excellence-awards-2022.jpg 1281x961
[607/1707] business-review-technology-excellence-awards-2024.jpg 1280x960
[611/1707] businessmen-shaking-hands-1184x385px.jpg 1184x385
[612/1707] businesswoman-analyzes-chart.jpg 724x482
[615/1707] campaign2022-women-leading-change.jpg 1281x961
[617/1707] capital-guaranteed.jpg 288x288
[618/1707] car6.jpg 797x817
[619/1707] card_aia_elite_funds.jpg 1280x768
[621/1707] card_global_partners-1.jpg 1280x768
[622/1707] card_our_expertise.jpg 1280x768
[623/1707] careers-banner.jpg 1920x600
[624/1707] cash-value.jpg 288x288
[625/1707] casilda.jpg 500x500
[626/1707] casilda-kwok-writeup-photo.jpg 760x428
[627/1707] cbp-who-does-this-apply-to.jpg 760x428
[628/1707] cbp1-man-with-shield.jpg 761x465
[629/1707] cbp2-man-with-soccer-ball.jpg 761x465
[630/1707] cbp3-man-with-leg-in-cast.jpg 763x465
[631/1707] cbp4-man-in-hospital-bed.jpg 763x465
[632/1707] cbp5.jpg 761x465
[633/1707] cecilia.jpg 500x500
[634/1707] cecilia_christina_writeup.jpg 760x428
[635/1707] celebratory-mood.jpg 2800x1200
[636/1707] centurion-pa-kv.jpg 2880x1200
[637/1707] championgood2022.jpg 1281x961
[638/1707] chan-pei-see.jpg 760x428
[639/1707] chan-wai-kit-test.jpg 172x172
[640/1707] charity-golf1.jpg 1200x600
[641/1707] check-up-woman.jpg 1920x1080
[642/1707] checklist.jpg 526x573
[644/1707] chia-kee-seng-test.jpg 172x172
[645/1707] child-playing-water.jpg 1263x473
[647/1707] child-premium-discount-1.jpg 288x288
[648/1707] child-sleep-therapy-doctor.jpg 1200x798
[649/1707] child-sleeping-bed.jpg 1200x800
[650/1707] child-sleeping-desk.jpg 1200x800
[651/1707] childrens-wishing-well-jpeg-magic.jpg 592x392
[652/1707] choice-monthly-income-retirement.jpg 288x288
[653/1707] choice-of-coverage.jpg 288x288
[654/1707] choice-of-full-medical-underwriting.jpg 432x432
[655/1707] choice-of-investments.jpg 288x288
[656/1707] christina.jpg 500x500
[657/1707] circuit-breaker-office-work-2-scaled.jpg 1200x801
[659/1707] claims-v2.jpg 1128x752
[660/1707] climate-related-disclosure-report-new.jpg 2880x1620
[661/1707] climate-transition.jpg 600x200
[662/1707] closeup-of-certification-award-frame.jpg 1279x853
[663/1707] coconut-water-trolley.jpg 624x441
[664/1707] coe2022.jpg 1281x961
[665/1707] cold_storage.jpg 301x301
[666/1707] coldstorage.jpg 2157x236
[667/1707] coldstorage-3.jpg 665x250
[668/1707] colleagues-discussing-financial-performance-on-laptop.jpg 724x482
[669/1707] colonoscopy.jpg 442x385
[670/1707] comic-its-not-me-but-we-that-matters-1.jpg 1200x1697
[671/1707] comic-its-not-me-but-we-that-matters-2.jpg 1200x1697
[672/1707] comic-its-not-me-but-we-that-matters-3.jpg 1200x1697
[673/1707] comic-its-not-me-but-we-that-matters-cover.jpg 793x463
[674/1707] commodities.jpg 760x528
[676/1707] complete-coverage.jpg 216x216
[677/1707] comprehensive-benefits.jpg 432x432
[678/1707] comprehensive-coverage.jpg 144x144
[679/1707] comprehensive-coverage-1.jpg 288x288
[680/1707] comprehensive-coverage-for-mum.jpg 288x288
[681/1707] comprehensive-mortgage-insurance.jpg 144x144
[682/1707] consideration-before-pursuing-a-graduate-programme.jpg 724x483
[683/1707] construction-worker.jpg 288x288
[684/1707] continual-protection.jpg 144x144
[685/1707] corporate-coverage2.jpg 128x128
[687/1707] cost-of-health-care-concept-heart-disease.jpg 760x507
[688/1707] couple-high-five-banner.jpg 1920x1271
[689/1707] couple-hiking-green-outdoors.jpg 1329x877
[690/1707] couple-sharing-food-desserts.jpg 1229x820
[691/1707] couple-wealthy-home-dance.jpg 800x540
[692/1707] couple-with-documents.jpg 181x180
[693/1707] couple-with-documents-1.jpg 129x129
[694/1707] couple-with-documents@x2.jpg 257x257
[695/1707] coverage_for_homeowners-landlords.jpg 288x288
[696/1707] coverage-critical-illness-women.jpg 216x216
[697/1707] coverage-for-silver-years.jpg 288x288
[698/1707] coverage-for-tenants.jpg 288x288
[699/1707] coverage-moves-with-you.jpg 288x288
[700/1707] covid-19-travel-insurance-cover-couple-preparing-for-off-road-cycling.jpg 800x533
[701/1707] cpf-board.jpg 1173x609
[702/1707] create-a-prudent-but-feasible-budget.jpg 526x542
[703/1707] create-financial-goals.jpg 800x533
[704/1707] critical-illness-plan-in-singapore-5-things-you-need-to-know.jpg 836x558
[705/1707] customised-premium-terms.jpg 288x288
[706/1707] cxaea2021-gold.jpg 1281x961
[707/1707] cxaea2021-silver.jpg 1281x961
[708/1707] damien-tan.jpg 1200x675
[709/1707] daphne.jpg 500x500
[710/1707] daphne-chan-writeup-photo.jpg 760x428
[711/1707] dashboard.jpg 578x1172
[713/1707] david.jpg 500x500
[714/1707] david-alexander-writeup-photo.jpg 760x428
[716/1707] david-chung-1.jpg 172x172
[718/1707] death-benefit.jpg 144x144
[719/1707] death-benefit-1.jpg 288x288
[721/1707] deductible-waiver-pass.jpg 788x388
[722/1707] dengue-fever-aia-plans-coverage-guide.jpg 960x960
[724/1707] desktop.jpg 1920x1080
[725/1707] desktop-1.jpg 1920x1080
[726/1707] device-phone-laptop.jpg 2880x1200
[727/1707] diabetesAM1.jpg 244x244
[728/1707] diabetesAM10.jpg 800x500
[729/1707] diabetesAM11.jpg 800x500
[730/1707] diabetesAM12.jpg 800x500
[731/1707] diabetesAM13a.jpg 500x500
[732/1707] diabetesAM13b.jpg 500x500
[733/1707] diabetesAM14.jpg 800x500
[734/1707] diabetesAM2.jpg 1024x961
[735/1707] diabetesAM3.jpg 800x500
[736/1707] diabetesAM4.jpg 500x500
[737/1707] diabetesAM5a.jpg 500x500
[739/1707] diabetesAM7.jpg 500x500
[740/1707] diabetesAM8.jpg 800x500
[741/1707] diabetesAM9.jpg 500x500
[742/1707] diabetic-foot-complications.jpg 800x532
[743/1707] diagram-business-transfer-succession-planning-retirement-new.jpg 1602x1683
[744/1707] diagram-business-transfer-succession-planning-today.jpg 1602x1683
[745/1707] diagram-business-transfer-succession-planning-transfer-on-claim.jpg 1602x1683
[746/1707] diagram-inheritance-equalization-with-insurance.jpg 1904x1777
[747/1707] diagram-inheritance-equalization-without-insurance.jpg 1904x1777
[748/1707] digital-payment-at-aia.jpg 1920x600
[749/1707] doctor-and-patient-are-discussing-at-clinic.jpg 760x507
[750/1707] doctor-child-asthma.jpg 1375x918
[751/1707] doctor-injecting-vaccination-in-arm-of-little-girl.jpg 760x507
[752/1707] doctor-offering-pills-and-water-glass.jpg 760x506
[753/1707] doctor-or-nurse-care-patient-senior-woman.jpg 760x506
[754/1707] doctor-patient-bed.jpg 1920x1080
[755/1707] does-your-job-affect-your-health-or-improve-your-health.jpg 800x533
[756/1707] does-your-job-affect-your-health-or-improve-your-health-1.jpg 800x533
[757/1707] download.jpg 1762x1161
[758/1707] download-aia-plus-app.jpg 1052x816
[759/1707] download-aia-plus-app-new.jpg 1050x800
[760/1707] download-altitude.jpg 828x1668
[761/1707] download-app.jpg 1050x800
[762/1707] download-from-app.jpg 1024x726
[763/1707] download-healthcare.jpg 828x1668
[764/1707] download-healthcare-1.jpg 828x1668
[765/1707] download-logo-aia.jpg 1024x1024
[766/1707] dr-rock.jpg 1125x750
[767/1707] dumbbell-training-.jpg 940x626
[768/1707] e-doc.jpg 889x1817
[769/1707] eDoc-c@3x_3.jpg 474x960
[770/1707] eDoc-k@3x_1.jpg 477x960
[771/1707] early-cash-treatment.jpg 216x216
[772/1707] early-detection-screening-card.jpg 360x240
[774/1707] ebenefits-hr.jpg 774x492
[775/1707] ebhead2_aia-ebenefits.jpg 2880x1200
[776/1707] ebhead2_aia-ebenefits-1.jpg 2880x1200
[777/1707] ebhead3_mental-resilience.jpg 2880x1200
[778/1707] ebhead3_mental-resilience-1.jpg 2880x1200
[779/1707] ebhead4_aia-premier-international-medical.jpg 2880x1200
[780/1707] ebhead4_aia-premier-international-medical-2.jpg 2880x1200
[781/1707] ecom2019.jpg 1281x961
[782/1707] ecomm2021-bronze.jpg 1281x961
[783/1707] ecomm2021-gold.jpg 1281x961
[784/1707] edoc.jpg 889x1817
[785/1707] edocument.jpg 1128x752
[786/1707] education-fund.jpg 288x288
[787/1707] eea2022-bronze.jpg 1281x961
[788/1707] eea2022-gold.jpg 1281x961
[789/1707] effective-governance.jpg 1920x600
[790/1707] effective-governance-ecofriendlybuildings.jpg 688x510
[792/1707] effective-governance-talking.jpg 644x478
[793/1707] effieawards2022.jpg 1281x961
[794/1707] elderly-care-support-your-retiring-parents-1.jpg 712x473
[795/1707] elderly-care-support-your-retiring-parents-2.jpg 712x474
[796/1707] elderly-lady-walking-on-street.jpg 760x507
[797/1707] elderly-man-in-gym.jpg 760x506
[798/1707] elite-adventurous.jpg 627x811
[799/1707] elite-balanced.jpg 627x811
[800/1707] elite-conservative.jpg 627x813
[801/1707] elite-funds.jpg 1378x518
[802/1707] emergency1.jpg 890x495
[803/1707] empoweredwomen2023.jpg 1280x960
[804/1707] encashed-for-payouts.jpg 288x288
[805/1707] enhanced-coverage.jpg 288x288
[806/1707] enhancing-our-community-wellbeing.jpg 644x478
[807/1707] enquiry@3x.jpg 320x320
[808/1707] ensure-you-have-a-legacy-plan.jpg 507x683
[809/1707] environmental-wellness.jpg 760x506
[810/1707] equities.jpg 760x528
[811/1707] esg-going-paperless.jpg 760x506
[812/1707] esg-hero-banner-desktop.jpg 1366x389
[813/1707] esg-onemilliontrees.jpg 760x506
[814/1707] esg-risk-avoidance.jpg 358x240
[815/1707] estate_liquidity.jpg 288x288
[817/1707] exercise-water-front-woman.jpg 1920x1080
[818/1707] exit-sign-over-window-city.jpg 1536x1024
[819/1707] extended-healthcare-support.jpg 144x144
[820/1707] extended-healthcare-support-1.jpg 288x288
[821/1707] extensive-medical-network.jpg 288x288
[822/1707] extensive-network-graphic-teladoc.jpg 1420x908
[824/1707] extra-cash-to-do-more.jpg 288x288
[825/1707] extra-payouts.jpg 288x288
[826/1707] f1x4.jpg 1440x960
[827/1707] family-at-beach.jpg 2880x1200
[828/1707] family-finances-guide.jpg 1920x1080
[829/1707] family-legacy-planning-aia.jpg 2378x1261
[830/1707] faq-background.jpg 1200x161
[831/1707] fas.jpg 400x400
[832/1707] father-daugther-play-football-sleep-deprivation-leads-to-poorer-quality-of-life.jpg 800x533
[833/1707] father-son-at-beach-banner.jpg 2880x1200
[834/1707] featured-funds-banner.jpg 2880x1220
[835/1707] feliza.jpg 500x500
[836/1707] female-doctor-advise-results-screening.jpg 1379x919
[837/1707] female-doctor-advise-results-screening-1.jpg 1379x919
[839/1707] female-doctor-showing-medical-report.jpg 760x506
[840/1707] female-nurse-imposes-an-bandage-to-the-patient-legs.jpg 760x506
[841/1707] female-nurse-provides-a-home-blood-pressure-check.jpg 760x507
[842/1707] female-screening-doctor-woman.jpg 1268x846
[844/1707] financial-flexibility.jpg 288x288
[845/1707] financial-planning-expecting-in-2018-here-are-4-things-you-can-do-to-protect-both-mother-and-baby-min-min.jpg 723x482
[846/1707] financial-wellness.jpg 760x506
[847/1707] financial-wellness-1.jpg 800x524
[848/1707] financial-wellness-driver.jpg 760x428
[849/1707] finddoctor.jpg 1128x752
[853/1707] fitness-first.jpg 101x102
[854/1707] fitness-first-1.jpg 360x240
[855/1707] fitness-first-hyrox-training.jpg 960x1280
[856/1707] fitness-first-hyrox-training-1.jpg 456x688
[857/1707] fixed-income.jpg 760x528
[858/1707] fixed-monthly-income.jpg 288x288
[859/1707] flexibile-cash-flow.jpg 288x288
[860/1707] flexibility-meet-changing-goals.jpg 144x144
[861/1707] flexibility-of-choice-covered-area.jpg 432x432
[862/1707] flexible-coverage-period.jpg 144x144
[863/1707] flexible-coverage-period-1.jpg 216x216
[864/1707] flexible-premium-term.jpg 288x288
[865/1707] food-bowls-table.jpg 1200x675
[866/1707] food-cycle-human.jpg 624x441
[867/1707] football-2023.jpg 2160x900
[868/1707] football_landing_banner.jpg 2880x1018
[870/1707] free3months_main_banner.jpg 1536x640
[871/1707] free3months_main_banner-1.jpg 2880x1200
[872/1707] fridays-for-me.jpg 1920x600
[875/1707] fully.jpg 887x117
[876/1707] fund-management-charge.jpg 516x516
[877/1707] gardens-by-the-bay.jpg 550x309
[878/1707] garmin.jpg 120x36
[880/1707] garmin_1_.jpg 360x260
[881/1707] gcpowerlist2022.jpg 1281x961
[883/1707] general-medical-consultation-online.jpg 760x505
[886/1707] girl-stretching_1200x600.jpg 712x356
[887/1707] glaucoma-thief-of-sight.jpg 640x427
[888/1707] glaucoma-thief-of-sight-01.jpg 640x928
[889/1707] glaucoma-thief-of-sight-02.jpg 800x1160
[890/1707] glaucoma-thief-of-sight-03.jpg 700x560
[891/1707] glaucoma-thief-of-sight-04.jpg 700x560
[893/1707] goals-notebook-table.jpg 1200x675
[894/1707] gold-legend.jpg 600x145
[895/1707] gold-legend-1.jpg 1000x242
[896/1707] gold-vitality.jpg 189x189
[899/1707] gp-consultations-card.jpg 376x256
[900/1707] gptw-certification-badge-singapore-june-2025-2026-color.jpg 1280x960
[901/1707] gradsg.jpg 1280x960
[902/1707] gradsg-2023.jpg 1280x960
[903/1707] gradsg-2024.jpg 1280x960
[904/1707] grantawish.jpg 645x478
[905/1707] greater-flexibility.jpg 288x288
[906/1707] green-buildings-and-infrastructure.jpg 644x478
[908/1707] green-labelled-products_v2.jpg 644x478
[909/1707] green-labelled-products-1.jpg 644x478
[910/1707] green-operations-hero-banner-desktop.jpg 1366x389
[911/1707] grill-vegetables-flame.jpg 1200x675
[913/1707] group-sme-ready-tailored-package.jpg 564x377
[914/1707] growing-your-finances-for-the-future.jpg 2000x1333
[915/1707] growth-potential.jpg 288x288
[916/1707] guarantee-lifetime-coverage.jpg 288x288
[917/1707] guaranteed-acceptance.jpg 288x288
[918/1707] guaranteed-assurance.jpg 288x288
[919/1707] guaranteed-cash-coupons.jpg 270x278
[920/1707] guaranteed-financial-security.jpg 288x288
[921/1707] guaranteed-issuance.jpg 288x288
[922/1707] guaranteed-monthly-income.jpg 288x288
[923/1707] guaranteed-policy-renewal.jpg 288x288
[924/1707] guaranteed-yearly-coupon.jpg 288x288
[926/1707] hands-heart-ribbon.jpg 1200x675
[929/1707] happy-couple.jpg 129x128
[930/1707] hashtag-awards-2024-gold.jpg 1280x960
[931/1707] hashtag-awards-2024-silver.jpg 1280x960
[932/1707] hassle-free-application.jpg 288x288
[933/1707] hawker-centre.jpg 507x338
[934/1707] hcs-eds.jpg 720x480
[935/1707] hcs-gp-consultations.jpg 752x512
[936/1707] hcs-home-care.jpg 720x480
[937/1707] hcs-home-palliative-care.jpg 720x480
[938/1707] hcs-personal-case-management.jpg 752x512
[939/1707] hcs-value-based-healthcare.jpg 720x480
[940/1707] hdb-blocks-singapore-flags.jpg 624x416
[942/1707] health_wellness_-_onemorehour_image_Large_Medium.jpg 1000x657
[943/1707] health-2.jpg 887x303
[944/1707] health-and-wellness-esg.jpg 2048x1365
[945/1707] health-icon.jpg 64x64
[946/1707] health-screening-benefit.jpg 216x216
[947/1707] health360_partners.jpg 760x428
[949/1707] healthcanbefun_1_.jpg 300x300
[950/1707] healthcare-for-mum.jpg 760x428
[952/1707] healthcare-professional-in-discussion.jpg 760x428
[953/1707] healthcare-services-telemedicine-mentall-wellness.jpg 760x507
[954/1707] healthfood_tile.jpg 288x288
[957/1707] healthy-body-banner.jpg 1920x600
[958/1707] healthy-body-group-kv.jpg 3000x1285
[959/1707] healthy-finance-banner.jpg 2100x900
[960/1707] healthy-finance-group-kv.jpg 3000x1285
[961/1707] healthy-food-5-diabetes-friendly-foods-to-help-control-your-blood-sugar-levels-min.jpg 740x495
[963/1707] healthy-living-stressed-at-work-18-ways-to-prevent-yourself-from-burning-out-in-2018-min.jpg 692x461
[964/1707] healthy-mind-banner.jpg 2100x900
[966/1707] healthy-snacking-habits-you-should-cultivate-in-the-office.jpg 712x475
[968/1707] hema-kriplani.jpg 760x428
[969/1707] here-are-4-tips-to-help-you-succeed.jpg 800x533
[970/1707] hey-bestie-meme.jpg 624x416
[971/1707] high-annual-claim-limit.jpg 288x288
[972/1707] high-coverage.jpg 288x288
[973/1707] higher-returns.jpg 288x288
[975/1707] holiday-cover-kv.jpg 2880x1200
[976/1707] holistic-critical-illness-protection.jpg 216x216
[977/1707] home-healthcare-nurse-brings-new-prescriptions.jpg 760x506
[978/1707] hotspur-aia-logo-2018.jpg 688x522
[979/1707] hotspur-aia-logo-2018-4.jpg 688x522
[980/1707] how-much-do-i-need-to-tide-my-loved-ones-through.jpg 997x665
[981/1707] how-much-should-you-have-in-savings-by-35.jpg 1200x800
[982/1707] how-spurs-stay-sharp.jpg 1280x720
[983/1707] how-to-file-income-tax-get-and-tax-relief-in-singapore-person-typing-on-laptop-and-writing-on-notepad.jpg 800x533
[984/1707] how-you-can-channel-work-stress.jpg 1200x800
[985/1707] hrawards2022.jpg 1281x961
[986/1707] hrea-2021.jpg 1281x961
[987/1707] hroaward2021-bronze.jpg 1281x961
[988/1707] hroaward2021-gold.jpg 1281x961
[989/1707] hroaward2021-silver.jpg 1281x961
[990/1707] hrvendors2022.jpg 1281x961
[991/1707] hrvendors2023-bronze.jpg 1280x960
[992/1707] hrvendors2023-gold.jpg 1280x960
[993/1707] hrvendors2023-silver.jpg 1280x960
[994/1707] hrvendors2024-gold.jpg 1280x960
[995/1707] hrvendors2024-silver.jpg 1280x960
[996/1707] hrvendors2025.jpg 600x201
[997/1707] hrvendors2025-gold.jpg 1280x960
[998/1707] hrvendors2025-silver.jpg 1280x960
[999/1707] hrvoty2016.jpg 1281x961
[1000/1707] hrvoty2017.jpg 1281x961
[1001/1707] hrvoty2018.jpg 1281x961
[1002/1707] hrvoty2019.jpg 1281x961
[1003/1707] hrvoty2020.jpg 1281x961
[1004/1707] hsc-aia-vitality.jpg 720x480
[1005/1707] hsc-specialist-consultations.jpg 800x544
[1006/1707] hwp-2019-landing-page.jpg 774x492
[1007/1707] hyrox-finishing-1.jpg 1024x684
[1009/1707] iDiscover_S9_web_banner.jpg 760x288
[1011/1707] iaa-ceo-of-the-year.jpg 1280x960
[1012/1707] iaa-health-insurance-initiative-2025.jpg 1280x960
[1013/1707] iaa-international-life-insurance-2025.jpg 1280x960
[1014/1707] iaa2017.jpg 1280x960
[1015/1707] iaa2018.jpg 1281x961
[1016/1707] iaa2019.jpg 1281x961
[1017/1707] iaa2020.jpg 1281x961
[1018/1707] iaa2021.jpg 1281x961
[1020/1707] iaa2022-1.jpg 1281x961
[1021/1707] iaa2023.jpg 1280x960
[1022/1707] iaa2024-digital-transformation-initiative-of-the-year.jpg 1280x960
[1023/1707] iaa2024-insurance-initiative-of-the-year.jpg 1280x960
[1024/1707] iaa2024-international-life-insurer-of-the-year.jpg 1280x960
[1025/1707] iaa2024-life-insurance.jpg 1280x960
[1026/1707] iashof2016.jpg 1281x961
[1029/1707] icon-digital-transformation.jpg 192x192
[1032/1707] icon-instagram-white.jpg 40x40
[1033/1707] icon-search-48x48.jpg 32x32
[1045/1707] ihc-coty.jpg 1280x960
[1046/1707] ihc-top-tier.jpg 1280x960
[1047/1707] ihc2022-counsel.jpg 1281x961
[1048/1707] ihc2023-counsel.jpg 1280x960
[1049/1707] ihc2023-team.jpg 1280x960
[1050/1707] image.jpg 1197x696
[1052/1707] image-4.jpg 384x384
[1053/1707] img_AQHP.jpg 360x240
[1055/1707] img_Whitecoat.jpg 360x240
[1056/1707] img_teladoc.jpg 360x240
[1057/1707] impossible-paper-cut.jpg 1200x675
[1058/1707] in-house-legal-team-of-the-year-2024.jpg 1280x960
[1059/1707] income-top-ups.jpg 216x216
[1060/1707] indonesia-tropical-landscape.jpg 2880x1200
[1061/1707] infographic-tips-family-financial-planning.jpg 712x474
[1062/1707] inspiretech2021.jpg 1281x961
[1063/1707] insurance-hnw-individuals-research.jpg 360x240
[1064/1707] insurance-or-investments-planning-for-future-askaia.jpg 630x325
[1065/1707] insurance-premiums-what-determines-the-cost-1.jpg 712x474
[1066/1707] integration-esg-information.jpg 239x168
[1067/1707] internship-card.jpg 992x662
[1068/1707] investing-in-sg-health.jpg 600x400
[1069/1707] investment-options.jpg 288x288
[1070/1707] jacqueline-slide.jpg 1920x1080
[1071/1707] janice-chia-test.jpg 172x172
[1072/1707] jeremy-ting-test.jpg 172x172
[1073/1707] jewel-changi-airport.jpg 685x914
[1074/1707] jie-sheng-slide.jpg 1200x675
[1076/1707] joanna-liew-test.jpg 172x172
[1077/1707] job-offer-considerations.jpg 712x475
[1078/1707] job7.jpg 888x365
[1079/1707] jorn-watske-test.jpg 172x172
[1080/1707] july-2026.jpg 480x480
[1081/1707] kelvin-loh-test.jpg 172x172
[1082/1707] kenneth-slide.jpg 1200x675
[1084/1707] key-prop-2.jpg 422x405
[1085/1707] key-prop-2-bespoke.jpg 542x507
[1086/1707] key-prop-3.jpg 384x391
[1087/1707] keystatistics.jpg 1600x768
[1089/1707] kids-football-clinic-1.jpg 2880x1200
[1090/1707] kidsclinics2022-bg.jpg 1200x600
[1093/1707] lady-doing-planks.jpg 760x428
[1094/1707] lady-feel-relax-5-things-you-never-knew-you-could-do-from-the-comfort-of-your-own-home.jpg 800x533
[1095/1707] lady-looking-at-her-passport-at-the-airport.jpg 800x533
[1096/1707] lady-yoga-pose-banner.jpg 2880x1200
[1097/1707] lai-wei-lin-test.jpg 172x172
[1098/1707] laptop-woman-stretch-indoor-smiling.jpg 1920x1080
[1099/1707] lasting-protection.jpg 288x288
[1100/1707] lea2018.jpg 1281x961
[1101/1707] lea2020-bronze.jpg 1281x961
[1102/1707] lea2020-gold.jpg 1281x961
[1103/1707] lea2020-silver.jpg 1281x961
[1104/1707] lea2021-bronze.jpg 1281x961
[1105/1707] lea2021-gold.jpg 1281x961
[1106/1707] lea2021-silver.jpg 1281x961
[1107/1707] lea2022-bronze.jpg 1281x961
[1108/1707] lea2022-gold.jpg 1281x961
[1109/1707] lea2022-silver.jpg 1281x961
[1110/1707] lea2023-bronze.jpg 1280x960
[1111/1707] lea2023-gold.jpg 1280x960
[1112/1707] lea2023-silver.jpg 1280x960
[1113/1707] lea2024-bronze.jpg 1280x960
[1114/1707] lea2024-gold.jpg 1280x960
[1115/1707] lea2024-silver.jpg 1280x960
[1116/1707] lee-boon-huat.jpg 172x172
[1117/1707] leed-platinum-2024.jpg 1280x960
[1118/1707] leg-raise-machine.jpg 800x534
[1119/1707] legacy-planning.jpg 216x216
[1120/1707] legacy-planning-1.jpg 192x192
[1121/1707] level_up.jpg 1489x558
[1122/1707] life-challenges-getting-married.jpg 712x473
[1123/1707] life-goals-save-money-long-term.jpg 800x533
[1124/1707] life-insurance-icon.jpg 64x64
[1125/1707] life-matters-fighting-healthcare-inflation.jpg 1415x701
[1126/1707] life-time-financial-certainty.jpg 288x288
[1127/1707] lifetime-protection-legacy.jpg 288x288
[1128/1707] lifetime-wealth-protection.jpg 288x288
[1129/1707] linkedin2022.jpg 1281x961
[1130/1707] liquidity-support-life-moments.jpg 288x288
[1131/1707] lisa-slide.jpg 1200x675
[1132/1707] living-minimum-income.jpg 800x600
[1133/1707] ln-elite-individual.jpg 1280x960
[1134/1707] ln-elite-team.jpg 1280x960
[1135/1707] login-general-user.jpg 120x120
[1136/1707] login-step.jpg 700x1162
[1137/1707] logintoaia_.jpg 736x480
[1138/1707] long-bg.jpg 1598x435
[1140/1707] longest-pre-post-hosp-coverage.jpg 288x288
[1141/1707] looking-at-smartwatch.jpg 1024x684
[1142/1707] low-investment-cost.jpg 288x288
[1143/1707] luca-pontiggia-test.jpg 172x172
[1144/1707] lump-sum-payouts.jpg 288x288
[1145/1707] lydia-loh-test.jpg 172x172
[1146/1707] macritchies-tree-top-walk.jpg 752x500
[1147/1707] maia-icon.jpg 300x300
[1148/1707] making-healthier-choices-while-grocery-shopping.jpg 800x533
[1150/1707] mallika-kripalani-1.jpg 172x172
[1151/1707] mammogram.jpg 510x377
[1152/1707] mammogram-1.jpg 442x367
[1153/1707] man-advertisments.jpg 624x416
[1154/1707] man-and-woman-running-together.jpg 1210x805
[1155/1707] man-blanket-couch-home.jpg 1280x853
[1156/1707] man-calculating-meme.jpg 624x416
[1157/1707] man-child-grandparent.jpg 1920x1080
[1158/1707] man-doing-flyboarding.jpg 2880x1200
[1159/1707] man-drinking-from-bottle-of-water.jpg 1686x1124
[1160/1707] man-exercising-gym.jpg 624x416
[1161/1707] man-holding-document-up.jpg 129x129
[1162/1707] man-holding-potted-plant.jpg 602x401
[1163/1707] man-looking-vegetable.jpg 1200x675
[1164/1707] man-making-breakfast-smoothie.jpg 1224x648
[1165/1707] man-meal-prepping.jpg 1521x1065
[1166/1707] man-on-phone-call.jpg 624x416
[1167/1707] man-smiling-desk-work.jpg 624x416
[1168/1707] man-sofa-staring-out.jpg 624x416
[1169/1707] man-standing-help-colleague.jpg 760x428
[1170/1707] man-staring-window-gate.jpg 602x401
[1171/1707] man-woman-in-conversation.jpg 150x150
[1172/1707] man-woman-with-phone.jpg 250x250
[1173/1707] man-writing-notes.jpg 760x428
[1174/1707] managing-healthcare-costs-in-singapore-partI.jpg 800x261
[1175/1707] managing-healthcare-costs-in-singapore-partII.jpg 800x980
[1176/1707] managing-healthcare-costs-in-singapore-partIII.jpg 799x120
[1177/1707] managing-healthcare-costs-in-singapore-partIV.jpg 800x1446
[1178/1707] managing-healthcare-costs-in-singapore-partV.jpg 800x1273
[1179/1707] managing-healthcare-costs-in-singapore-partVII.jpg 800x141
[1180/1707] managing-healthcare-costs-in-singapore-partVIII.jpg 800x620
[1181/1707] mardalina-ljo.jpg 760x428
[1182/1707] marketing-excellence-award-bronze-2024.jpg 1280x960
[1183/1707] marketing-excellence-award-silver-2024.jpg 1280x960
[1185/1707] marketplace_partner_latest.jpg 1080x723
[1186/1707] marketplace_tile_banner_new.jpg 375x251
[1187/1707] markies2018.jpg 1281x961
[1188/1707] markies2018-silver.jpg 1281x961
[1189/1707] markies2021.jpg 1281x961
[1190/1707] markies2022-gold.jpg 1281x961
[1191/1707] markies2022-silver.jpg 1281x961
[1192/1707] masthead-SGFindex.jpg 2880x1200
[1193/1707] maximised-savings.jpg 288x288
[1195/1707] mea2019.jpg 1281x961
[1196/1707] mea2020-gold.jpg 1281x961
[1197/1707] mea2020-silver.jpg 1281x961
[1198/1707] mea2021.jpg 1281x961
[1199/1707] mea2022.jpg 1281x961
[1200/1707] mea2023.jpg 1280x960
[1202/1707] mea2025-silver-1.jpg 1280x960
[1204/1707] mea2025-silver-individual-1.jpg 1280x960
[1205/1707] measurable-positive-impact.jpg 239x168
[1207/1707] medical-colonoscopy.jpg 624x416
[1208/1707] medical4.jpg 887x611
[1210/1707] melita-teo-slide.jpg 1200x675
[1211/1707] melvin-heng-test.jpg 172x172
[1212/1707] men-in-conversation.jpg 1596x399
[1213/1707] mental-wellbeing.jpg 288x288
[1214/1707] mental-wellness.jpg 760x506
[1215/1707] mental-wellness-1.jpg 800x524
[1216/1707] mental-wellness-driver.jpg 760x428
[1217/1707] mental-wellness-for-mum.jpg 760x428
[1218/1707] menu-report.jpg 120x120
[1219/1707] meventsawards2021.jpg 1281x961
[1220/1707] meventsawards2022.jpg 1281x961
[1222/1707] mi-loyalty-engagement-bronze.jpg 1280x960
[1223/1707] mi-loyalty-engagement-silver.jpg 1280x960
[1225/1707] mildred-tan.jpg 172x172
[1226/1707] millennial-career.jpg 509x339
[1227/1707] min-hung-chen-test.jpg 172x172
[1228/1707] minimum-headcount.jpg 432x432
[1229/1707] mitochondria-woman-meme.jpg 624x416
[1230/1707] mm-right-btm-corner-med.jpg 717x425
[1231/1707] mobex2018.jpg 1281x961
[1232/1707] mobex2019.jpg 1281x961
[1233/1707] mobex2020.jpg 1281x961
[1234/1707] mobex2021.jpg 1281x961
[1235/1707] mobex2023.jpg 1280x960
[1236/1707] monitor-your-credit-score.jpg 497x255
[1237/1707] monopoly-token-showcase.jpg 2880x1200
[1238/1707] most-common-types-of-cancers-in-singapore.jpg 800x533
[1239/1707] mother-and-infant-on-bed-simple-for-a-good-night-sleep.jpg 800x533
[1240/1707] mountain-lake-panorama.jpg 2880x1200
[1242/1707] moving_mountains_shortcutcard2.jpg 361x161
[1243/1707] myaiasgapple.jpg 300x373
[1244/1707] myaiasggoogle.jpg 300x373
[1245/1707] nasi-ulam-ingredients.jpg 768x512
[1247/1707] new-world-financials.jpg 600x200
[1248/1707] newbalance.jpg 360x240
[1249/1707] nike-132x72.jpg 263x144
[1250/1707] no-lapse-privilege.jpg 288x288
[1251/1707] not8.jpg 886x575
[1252/1707] novahealth-types-of-tcm-services-2.jpg 800x500
[1253/1707] nurse-talking-to-senior-woman-in-wheelchair.jpg 760x507
[1255/1707] old-hill-street-police-station.jpg 645x430
[1256/1707] old-hill-street-police-station-1.jpg 645x430
[1257/1707] ong-hoon-meng.jpg 172x172
[1258/1707] ong-lean-wan.jpg 172x172
[1259/1707] optimal-coverage.jpg 288x288
[1260/1707] opulent-travel-experiences-beach-3.jpg 3000x2000
[1262/1707] opulent-travel-experiences-rock-1.jpg 1500x1125
[1265/1707] our-commitment-to-you-2.jpg 480x320
[1266/1707] our-digital-eco-e-benefits.jpg 774x489
[1267/1707] our-purpose-group-kv.jpg 3000x1142
[1268/1707] papaya-shake.jpg 624x441
[1269/1707] parent-holding-children-hand-conversations-the-Covid-19-pandemic-has-made-more-important-than-ever.jpg 800x533
[1270/1707] parenting-tips-to-raise-successful-children-life-matters-AIA-singapore.jpg 712x475
[1271/1707] part_iii.jpg 900x1006
[1272/1707] part-i.jpg 712x251
[1273/1707] part-ii.jpg 900x1154
[1274/1707] partnership-with-mandai-wildlife-group-kv.jpg 2880x1200
[1276/1707] paul-foster-1.jpg 1920x1080
[1277/1707] paul-foster-2.jpg 1920x1080
[1278/1707] paul-foster-3.jpg 1080x1450
[1279/1707] paul-foster-4.jpg 1080x1450
[1280/1707] paul-foster-5.jpg 1080x1450
[1281/1707] paul-foster-6.jpg 1080x1450
[1282/1707] paul-foster-7.jpg 1920x1080
[1283/1707] paul-foster-8.jpg 1080x1450
[1284/1707] paul-foster-9.jpg 1080x1450
[1285/1707] paul-slide.jpg 1200x675
[1286/1707] pavithran-soji.jpg 760x428
[1287/1707] payback-benefit.jpg 288x288
[1288/1707] payez.jpg 1128x752
[1289/1707] payment-cash.jpg 120x120
[1290/1707] payment-cheque.jpg 120x120
[1291/1707] payment-icon.jpg 456x283
[1293/1707] payout.jpg 288x288
[1294/1707] people-and-culture-esg.jpg 876x584
[1295/1707] people-around-computer.jpg 2880x1200
[1296/1707] people-happy-together.jpg 1200x675
[1297/1707] performance-and-outcome.jpg 239x168
[1298/1707] person-viewing-background.jpg 1180x787
[1299/1707] personal-case-management-card.jpg 376x256
[1300/1707] personal-financial-planning-4-easy-steps.jpg 1200x800
[1301/1707] personal-training-session.jpg 1024x684
[1302/1707] phone-social-media.jpg 624x416
[1303/1707] physical-wellness.jpg 760x506
[1304/1707] physical-wellness-1.jpg 800x524
[1305/1707] physical-wellness-driver.jpg 760x428
[1306/1707] physician-and-patient-tcm-consultation.jpg 602x381
[1307/1707] pie-chart-shariah-global-fund-allocation.jpg 1451x769
[1308/1707] pinnacle-ecard.jpg 413x162
[1309/1707] plan-for-retirement.jpg 546x673
[1310/1707] plan-for-upcoming-big-ticket-expenses.jpg 482x476
[1311/1707] planning-for-children-education.jpg 429x295
[1312/1707] planning-for-your-future-bridging-the-protection-gap-at-different-stages-of-life.jpg 788x443
[1313/1707] planning-for-your-future-thinking-of-a-mid-career-switch-here-are-4-important-areas-that-you-should-consider-first.jpg 429x286
[1314/1707] planning-for-your-retirement-income.jpg 800x530
[1315/1707] plant-icons-hands.jpg 1280x720
[1316/1707] plate-ingredients-food.jpg 1621x1080
[1317/1707] platinum.jpg 192x192
[1318/1707] platinum-ecard.jpg 400x153
[1319/1707] platinum-icon.jpg 64x64
[1322/1707] platinum-vitality.jpg 189x189
[1324/1707] polar_1_.jpg 360x260
[1325/1707] policy-continuity.jpg 288x288
[1326/1707] popular-family-trekking-holidays-in-asia.jpg 700x467
[1327/1707] popular-family-trekking-holidays-in-asia-thumbnail.jpg 429x287
[1328/1707] portfolio.jpg 488x331
[1329/1707] portfolio-2.jpg 576x1172
[1330/1707] portfolio-diversification.jpg 288x288
[1331/1707] portfolio-diversified.jpg 516x516
[1332/1707] portfolio-management.jpg 288x288
[1333/1707] portfolio-management-by-AIAIM.jpg 516x516
[1334/1707] portfolio-v2.jpg 1128x752
[1335/1707] post-pregnancy-workout-cropped-min.jpg 712x445
[1336/1707] pot-corn.jpg 1200x675
[1337/1707] potential-bonuses.jpg 288x288
[1338/1707] potential-growth.jpg 288x288
[1339/1707] potential-project.jpg 320x200
[1340/1707] power-up-bonus.jpg 288x288
[1341/1707] pra2020.jpg 1281x961
[1342/1707] pra2021.jpg 1281x961
[1343/1707] practical-steps-you-can-take-to-be-part-of-the-5AM-club.jpg 319x212
[1344/1707] prawards-asia-pacific-2024.jpg 1280x960
[1345/1707] prawards2017.jpg 1280x960
[1346/1707] prawards2018.jpg 1280x960
[1347/1707] prawards2021-gold.jpg 1281x961
[1348/1707] prawards2021-silver.jpg 1281x961
[1349/1707] prawards2022-bronze.jpg 1281x961
[1350/1707] prawards2022-gold.jpg 1281x961
[1351/1707] prawards2024-bronze.jpg 1280x960
[1352/1707] prawards2024-gold.jpg 1280x960
[1353/1707] prebiotics-vs-probiotics.jpg 1200x675
[1354/1707] premium-options.jpg 288x288
[1355/1707] premium-pass-option.jpg 288x288
[1356/1707] premium-refund-benefit.jpg 288x288
[1357/1707] premium-waiver.jpg 288x288
[1358/1707] preventive.jpg 887x537
[1359/1707] prioritise-your-debt-repayment.jpg 480x452
[1360/1707] prism2019.jpg 1281x961
[1361/1707] prism2021.jpg 1281x961
[1362/1707] prize1.jpg 600x600
[1363/1707] prize1-1.jpg 600x600
[1364/1707] prize2.jpg 600x600
[1365/1707] prize2-1.jpg 600x600
[1366/1707] prize3.jpg 600x600
[1367/1707] prize3-1.jpg 600x600
[1368/1707] prizes-nobg.jpg 300x225
[1370/1707] proprietary-research.jpg 239x168
[1371/1707] protect-against-top-cancers-affecting-males-and-females-singapore.jpg 640x312
[1372/1707] protection-beyond-accidents.jpg 288x288
[1373/1707] protection-for-baby.jpg 288x288
[1374/1707] protection-for-yourself-and-your-family.jpg 433x484
[1375/1707] protection-on-the-go.jpg 216x216
[1376/1707] pursue-your-passions-while-you-build-your-skills-with-these-hobbies.jpg 800x533
[1378/1707] raffles-hospital.jpg 1200x600
[1379/1707] rdrdigest2023.jpg 800x800
[1380/1707] rdtrustedbrand2016.jpg 1281x961
[1381/1707] rdtrustedbrand2017.jpg 1281x961
[1382/1707] rdtrustedbrand2018.jpg 1281x961
[1383/1707] rdtrustedbrand2019.jpg 1281x961
[1384/1707] rdtrustedbrand2020.jpg 1281x961
[1385/1707] readerschoiceawards2021.jpg 1281x961
[1386/1707] readerschoiceawards2022.jpg 1281x961
[1387/1707] readerschoiceawards2023-gold.jpg 1280x960
[1388/1707] readerschoiceawards2023-silver.jpg 1280x960
[1389/1707] readingtime.jpg 24x24
[1390/1707] rear-view-asian-chinese-female-home-caregiver.jpg 760x506
[1391/1707] recovery-support.jpg 288x288
[1392/1707] red-legend.jpg 600x145
[1393/1707] red-legend-1.jpg 1000x242
[1394/1707] rehabilitation-benefit.jpg 216x216
[1395/1707] reimbursement-reconstructive-surgery.jpg 432x432
[1396/1707] renewal-bonus.jpg 288x288
[1397/1707] rethink-healthy-banner.jpg 1440x612
[1398/1707] rethink-healthy-banner-1.jpg 2100x900
[1399/1707] retirement-banner-2021.jpg 1920x1080
[1400/1707] retirement-banner-header.jpg 1920x1080
[1401/1707] retirement-checklist-retirement-savings-plan.jpg 717x677
[1402/1707] retirement-planning-wealth-acceleration-accumulation.jpg 889x535
[1403/1707] retrieve-data.jpg 576x1172
[1404/1707] review-protection-and-investment-goals.jpg 471x414
[1405/1707] review-your-cash-flow.jpg 425x507
[1406/1707] revl_web.jpg 300x300
[1407/1707] reward-in-a-box.jpg 760x506
[1408/1707] rewards.jpg 200x200
[1409/1707] rewards-2.jpg 1128x752
[1410/1707] road-to-HYROX-ep1.jpg 1920x1080
[1411/1707] road-to-HYROX-ep1-1.jpg 1920x1080
[1412/1707] road-to-HYROX-ep10.jpg 1920x1080
[1413/1707] road-to-HYROX-ep11.jpg 1920x1080
[1414/1707] road-to-HYROX-ep2.jpg 1920x1080
[1415/1707] road-to-HYROX-ep3.jpg 1920x1080
[1416/1707] road-to-HYROX-ep4.jpg 1920x1080
[1417/1707] road-to-HYROX-ep5.jpg 1920x1080
[1418/1707] road-to-HYROX-ep6.jpg 1920x1080
[1419/1707] road-to-HYROX-ep7.jpg 1920x1080
[1420/1707] road-to-HYROX-ep8.jpg 800x450
[1421/1707] road-to-HYROX-ep9.jpg 612x408
[1422/1707] robeco-circular-frame.jpg 381x501
[1423/1707] robeco-energy-frame.jpg 384x497
[1424/1707] robeco-health-frame.jpg 384x497
[1425/1707] robeco-materials-frame.jpg 387x487
[1426/1707] robeco-mobility-frame.jpg 387x501
[1427/1707] robeco-water-frame.jpg 384x484
[1428/1707] rowing.jpg 1224x817
[1430/1707] runner.jpg 112x112
[1431/1707] rural-outdoor-road-woman-walking.jpg 1536x1024
[1432/1707] safeguard-what-matters-most.jpg 288x288
[1434/1707] safety-net-cover-benefit-1.jpg 288x288
[1436/1707] samsung_1_.jpg 360x260
[1437/1707] sandbag-lunges.jpg 1222x811
[1438/1707] santorini-coastal-view.jpg 2880x1200
[1439/1707] sanye-quek.jpg 1200x675
[1440/1707] save-and-invest-icon.jpg 64x64
[1441/1707] saving-habits.jpg 712x475
[1442/1707] sbr-exec-of-the-year-2025.jpg 1280x960
[1444/1707] sbr-technology-excellence-awards-2022-1.jpg 850x350
[1445/1707] sbriba2016.jpg 1281x961
[1446/1707] sbriba2017.jpg 1281x961
[1447/1707] sbriba2019.jpg 1281x961
[1448/1707] sbriba2022.jpg 1281x961
[1449/1707] sbriba2023.jpg 1280x960
[1450/1707] sbrmea2015.jpg 1281x961
[1451/1707] sbrmea2016.jpg 1281x961
[1452/1707] sbrmea2017.jpg 1281x961
[1453/1707] sbrmea2018.jpg 1281x961
[1454/1707] sbrmea2022.jpg 1281x961
[1455/1707] sbrtea-2025-aia-singapore.jpg 1280x960
[1456/1707] screenshot-security-certificate.jpg 493x645
[1460/1707] senior-adult-doing-physiotherapy-supported.jpg 760x506
[1461/1707] september-2026.jpg 480x480
[1462/1707] service-request-icon.jpg 456x283
[1463/1707] sfd-prompt.jpg 578x1172
[1464/1707] sgd-usd-investment.jpg 516x516
[1465/1707] sgfindex-agree.jpg 584x1182
[1466/1707] sgfindex-select.jpg 582x1182
[1467/1707] shophouse-clinic-front-outdoors.jpg 1279x853
[1468/1707] should-you-right-size-your-home-when-you-retire.jpg 800x540
[1469/1707] silver-vitality.jpg 189x189
[1470/1707] simple-lunchtime-office-workouts.jpg 700x467
[1472/1707] simple-sign-up-1.jpg 288x288
[1473/1707] simple-start.jpg 288x288
[1474/1707] singapore-festival-of-football.jpg 1527x1018
[1475/1707] singapore-skyline.jpg 1440x600
[1477/1707] singaporeairlines_1_.jpg 300x300
[1478/1707] singpass.jpg 578x1172
[1480/1707] sinta.jpg 500x500
[1481/1707] sinta_writeup.jpg 760x428
[1482/1707] ski-erg.jpg 474x709
[1483/1707] skillsfuture.jpg 712x475
[1484/1707] skillsfuture-courses-for-seniors-in-singapore-life-matters-aia-singapore.jpg 712x475
[1485/1707] sled-pull.jpg 469x700
[1486/1707] sled-push.jpg 1018x682
[1487/1707] sleep_assessment-vitality.jpg 64x64
[1488/1707] sleep_assessment-vitality-1.jpg 112x112
[1489/1707] smiling-woman-with-smartphone.jpg 1920x600
[1490/1707] smiling-woman-with-smartphone-page-2.jpg 760x428
[1491/1707] sms-sender-id.jpg 2379x809
[1492/1707] smt.jpg 954x435
[1493/1707] snowy-forest-cabins.jpg 2880x1200
[1494/1707] social-wellness-driver.jpg 760x428
[1495/1707] son-heung-min-plays-live-better-with-aia-monopoly.jpg 1280x720
[1496/1707] sonny-football-secrets.jpg 1280x720
[1497/1707] speaking-to-your-parents-about-their-retirement-plans.jpg 800x532
[1498/1707] specialist-consultations-card.jpg 400x272
[1499/1707] specialist-consultations-for-baby.jpg 760x428
[1500/1707] specialists-referral.jpg 760x507
[1501/1707] sphiink2016.jpg 1281x961
[1502/1707] spurs.jpg 400x400
[1503/1707] spurs-vs-singlish.jpg 1280x720
[1504/1707] spurs_landing_banner.jpg 2880x1018
[1505/1707] starbuks.jpg 301x301
[1506/1707] stay-hungry-stay-humble-sign.jpg 430x644
[1507/1707] steady-stream-quarterly-income.jpg 288x288
[1508/1707] stressed-at-work-18-ways-to-prevent-yourself-from-burning-out-in-2018.jpg 712x475
[1510/1707] super-foods-boost-immune-system-infographics.jpg 712x474
[1511/1707] supermom-brand-awards2024.jpg 1280x960
[1512/1707] supplier-code-of-conduct.jpg 640x424
[1513/1707] support-customer-service.jpg 432x432
[1514/1707] support3.jpg 887x361
[1516/1707] sustainable-investment-returns.jpg 288x288
[1517/1707] sustainable-operations-esg.jpg 876x584
[1518/1707] syafiqah-nawawi.jpg 560x320
[1519/1707] sze-keed-slide.jpg 1200x675
[1520/1707] talk-to-me-audrey-christy-card-thumbnail.jpg 760x506
[1521/1707] talk-to-me-farooq-badrul-card-thumbnail.jpg 760x506
[1522/1707] talk-to-me-farooq-badrul-thumbnail.jpg 760x506
[1523/1707] talk-to-me-janice-koh-card-thumbnail.jpg 760x506
[1524/1707] talk-to-me-toh-tans-card-thumbnail.jpg 760x506
[1525/1707] tamarind-price.jpg 960x629
[1526/1707] tamarind-size.jpg 960x629
[1527/1707] tan-hak-leh.jpg 172x172
[1528/1707] tan-hau-keat.jpg 760x428
[1529/1707] tap-2021.jpg 1281x961
[1538/1707] tapir-habitat.jpg 1740x1160
[1540/1707] tay-jin-li.jpg 600x338
[1542/1707] team-gather-listening.jpg 760x428
[1543/1707] teladoc-flowchart.jpg 1280x720
[1544/1707] teladoc-flowchart-1.jpg 1280x720
[1545/1707] teladoc-health.jpg 320x200
[1546/1707] teladocforum2023.jpg 1280x960
[1547/1707] telemedicine.jpg 883x597
[1548/1707] telemedicine-1.jpg 883x597
[1549/1707] terence.jpg 500x500
[1550/1707] terence_writeup.jpg 760x428
[1551/1707] test-driving-your-retirement-plans-today.jpg 800x533
[1552/1707] thegoldawards2022.jpg 1281x961
[1553/1707] therabody_web.jpg 300x300
[1555/1707] think-well.jpg 1600x900
[1556/1707] thinking-about-early-retirement-here-are-5-career-related-options-you-should-consider.jpg 800x533
[1557/1707] thinking-to-retiring-early.jpg 1104x735
[1558/1707] thinking-to-retiring-early-thumbnail.jpg 346x89
[1559/1707] thomson-medical.jpg 1200x600
[1560/1707] three-female-joggers.jpg 1200x675
[1561/1707] thumbnail-calculating-your-insurance-coverage-gap.jpg 459x306
[1562/1707] tiffany-ong-test.jpg 172x172
[1564/1707] tips-travelling-with-baby-1.jpg 712x290
[1565/1707] tips9-1.jpg 888x687
[1566/1707] tips9-2.jpg 886x462
[1567/1707] title.jpg 1553x289
[1569/1707] top-1-2-3@3x.jpg 432x432
[1570/1707] top-ASMR-YouTube-videos-to-relieve_stress-card.jpg 712x473
[1571/1707] top-cancers-in-singapore.jpg 640x312
[1572/1707] top-up-option.jpg 288x288
[1573/1707] training-networking-card.jpg 1000x667
[1574/1707] travel-and-lifestyle-icon.jpg 64x64
[1575/1707] travel-guide-for-first-time-backpackers.jpg 712x226
[1576/1707] travellers.jpg 288x288
[1577/1707] treadmill-cardio-session.jpg 960x640
[1578/1707] tribe.jpg 320x200
[1581/1707] trustedbrands2021.jpg 1281x961
[1582/1707] trustedbrands2022.jpg 1281x961
[1583/1707] trustedbrands2023.jpg 1280x960
[1584/1707] tunnel-person-outline-black-white.jpg 1536x1024
[1585/1707] two-ladies-in-workout-gear.jpg 800x533
[1586/1707] ultimate-critical-cover-kv.jpg 2880x1200
[1587/1707] understanding-heart-rate-zones.jpg 1024x684
[1588/1707] understanding-when-to-do-something-with-your-investments.jpg 800x533
[1589/1707] uninterrupted-coverage.jpg 288x288
[1591/1707] vaccinations-for-baby.jpg 760x428
[1592/1707] vegetables-bowl-fruit-sticks.jpg 1200x675
[1593/1707] vegetables-lineup.jpg 1200x675
[1594/1707] viality_Q_M.jpg 300x301
[1595/1707] viatlity_aiavitality_logo.jpg 300x301
[1596/1707] viatlity_fitness_first.jpg 300x301
[1597/1707] viatlity_health_can_be_fun.jpg 300x300
[1598/1707] visionary-award.jpg 1281x961
[1599/1707] vitality.jpg 162x44
[1600/1707] vitality-8.jpg 1128x752
[1601/1707] vitality_aia_logo.jpg 300x301
[1602/1707] vitality_booster_challenge.jpg 1080x723
[1603/1707] vitality_cold_storage.jpg 300x301
[1604/1707] vitality_easyway.jpg 300x301
[1605/1707] vitality_fitbit.jpg 300x301
[1606/1707] vitality_fullerton.jpg 300x301
[1607/1707] vitality_garmin.jpg 300x301
[1608/1707] vitality_golden_villarge.jpg 300x301
[1609/1707] vitality_grab.jpg 300x301
[1610/1707] vitality_healthway_dental.jpg 300x301
[1611/1707] vitality_healthway_medical.jpg 300x301
[1612/1707] vitality_newFooter_aia.jpg 128x128
[1613/1707] vitality_newFooter_vitality.jpg 128x128
[1614/1707] vitality_polar.jpg 300x301
[1615/1707] vitality_samsung.jpg 300x301
[1616/1707] vitality_singapore_airlines.jpg 360x240
[1617/1707] vitality_somnus.jpg 300x301
[1618/1707] vitality_steps_orange-vitality.jpg 112x112
[1619/1707] vitality_white_coat.jpg 300x301
[1620/1707] vitalitygraph.jpg 1104x700
[1621/1707] voluntary-solutions-suite.jpg 288x288
[1622/1707] wake-up-feeling-awesome.jpg 800x533
[1623/1707] wall-ball.jpg 573x862
[1624/1707] wallet.jpg 205x202
[1625/1707] wallet-1.jpg 889x1817
[1626/1707] warning.jpg 96x96
[1627/1707] warning-8.jpg 96x96
[1628/1707] wea2023.jpg 1280x960
[1629/1707] wealth-across-generations.jpg 288x288
[1630/1707] wealth-being-press-release-image.jpg 788x443
[1632/1707] welcome-treat.jpg 1520x856
[1633/1707] well-health-safety-rated-2024.jpg 1280x960
[1634/1707] what-fuels-a-pro.jpg 1280x720
[1635/1707] what-if-there-is-a-recession-when-you-retire.jpg 800x530
[1636/1707] what-is-the-hype-about-hyrox-image-main.jpg 1432x957
[1637/1707] what-proportion-of-my-monthly-earnings-should-go-into-insurance.jpg 1176x786
[1638/1707] what-to-consider-when-getting-insurance-for-your-baby.jpg 1600x887
[1639/1707] whatisaiavitality.jpg 760x428
[1640/1707] whitecoat.jpg 320x200
[1641/1707] whitecoat-app.jpg 386x65
[1642/1707] whitecoat-app-1.jpg 386x65
[1643/1707] whitecoat-app-1.1.jpg 429x866
[1644/1707] whitecoat-app-1.1-1.jpg 450x865
[1645/1707] whitecoat-app-2.1.jpg 429x866
[1646/1707] whitecoat-app-2.1-1.jpg 450x860
[1647/1707] whitecoat-app-2.2.jpg 429x866
[1648/1707] whitecoat-app-2.2-1.jpg 450x860
[1649/1707] whitecoat-app-2.3.jpg 429x866
[1650/1707] whitecoat-app-2.3-1.jpg 450x860
[1651/1707] whitecoat-app-2.4.jpg 450x860
[1652/1707] whitecoat-app-3.1.jpg 429x866
[1653/1707] whitecoat-app-3.1-1.jpg 450x868
[1654/1707] whitecoat-app-3.2.jpg 429x866
[1655/1707] whitecoat-app-3.2-1.jpg 450x865
[1656/1707] whole-life-insurance-coverage.jpg 724x483
[1658/1707] why-personal-accident-plan-is-important.jpg 600x400
[1659/1707] why-retirement-planning-matters.jpg 800x533
[1661/1707] why-you-shouldnt-ignore-the-risk-of-getting-dengue-fever.jpg 400x266
[1662/1707] why2.jpg 886x795
[1663/1707] why_it_matters_and_what_you_can_do_About_it.jpg 712x475
[1664/1707] winning-your-morning-routine-health-tip.jpg 692x461
[1665/1707] woman-backpack-grass-outdoor.jpg 1200x675
[1666/1707] woman-box-paper-room.jpg 569x853
[1667/1707] woman-hand-with-smartphone-inside-a-birdcage.jpg 956x685
[1668/1707] woman-holding-apple-cake.jpg 1200x675
[1669/1707] woman-holding-baby-backdrop-bubbles.jpg 640x427
[1670/1707] woman-holding-card-with-smartphone.jpg 1920x600
[1671/1707] woman-holding-card-with-smartphone-2.jpg 760x428
[1672/1707] woman-holding-file.jpg 257x257
[1673/1707] woman-house-plants.jpg 602x401
[1675/1707] woman-hug-man-home-1.jpg 2880x1200
[1676/1707] woman-man-meme-we-know.jpg 624x416
[1677/1707] woman-on-mobilephone-sitting-raffles-station.jpg 1536x1024
[1679/1707] woman-plant-staring.jpg 602x401
[1680/1707] woman-smiling-consultation.jpg 1280x853
[1681/1707] woman-typing-on-computer-office.jpg 1279x853
[1682/1707] woman-with-luggage-looking-up-escalator.jpg 1800x1200
[1683/1707] woman-with-luggage-looking-up-escalator-1.jpg 1800x1200
[1684/1707] women-leading-change-awards-silver-2024.jpg 1280x960
[1685/1707] women-man-holding-phone.jpg 1597x385
[1686/1707] women-talking-to-each-other.jpg 800x533
[1687/1707] wong-sze-keed-esg.jpg 760x428
[1688/1707] wooden-cubes-on-table.jpg 760x507
[1689/1707] work-well-with-aia.jpg 288x288
[1690/1707] workwell-get-in-touch.jpg 760x428
[1691/1707] workwell-with-aia-logo.jpg 300x300
[1692/1707] world-class-expertise.jpg 288x288
[1693/1707] worldwide-liablity-protection.jpg 288x288
[1694/1707] wt1.jpg 1199x734
[1695/1707] wt3-1.jpg 784x903
[1696/1707] wwlawards-2025-top-25-impact-employer.jpg 1280x960
[1697/1707] ya_kun.jpg 301x301
[1698/1707] yass-queen-meme.jpg 624x416
[1699/1707] yearly-stepped-up-income.jpg 288x288
[1700/1707] yellow-cubes-smileys.jpg 1200x675
[1701/1707] you-dont-have-to-be-rich-or-own-a-fortune-to-start-investing.jpg 800x533
[1702/1707] young-asian-people-holding-hands-trust.jpg 760x506
[1703/1707] young-employee-in-office-for-meeting.jpg 760x428
[1704/1707] yuko.jpg 500x500
[1705/1707] yuko-tan-writeup1.jpg 1520x856
[1707/1707] zerlina-sim-1.jpg 172x172
indexed=1707 unresolved=243
